-ElvishStructureViewFactoryTest-top-level-methods.elv
 test-method