-ElvishStructureViewFactoryTest-nesting-function.elv
 -test-method
  nested-method