-ElvishStructureViewFactoryTest-nested-variabletop-level-variable.elv
 test-variable